23:32:04 24/10/2025 [m/INFO] Finished starting up logging service. 
23:32:04 24/10/2025 [a/INFO] Starting the application from windows ("Windows 10 Home Single Language" 10.0 (Build 26100)) ... 
23:32:04 24/10/2025 [m/INFO] Clearing old firestore cache data ... 
23:32:04 24/10/2025 [m/INFO] Deleting: C:\Users\ADMIN\AppData\Local\firestore\[DEFAULT]\neureader-cait 
23:32:04 24/10/2025 [m/INFO] Old firestore cache data found! Deleting ... 
23:32:04 24/10/2025 [m/INFO] Clearing old firestore cache data completed. 
23:32:04 24/10/2025 [m/INFO] Set the workspace path to Directory: 'C:\Users\ADMIN\Documents' 
23:32:04 24/10/2025 [a/INFO] Setting up internet-relating information ... 
23:32:04 24/10/2025 [a/INFO] Finished set up Firebase application. 
23:32:04 24/10/2025 [a/INFO] Signing in anonymously ... 
23:32:06 24/10/2025 [a/INFO] Loading available categories ... 
23:32:06 24/10/2025 [a/INFO] Loaded 5 categories from cloud server. 
23:32:06 24/10/2025 [a/INFO] Loading login screen images ... 
23:32:06 24/10/2025 [a/INFO] Loaded 4 login screen images. 
23:32:06 24/10/2025 [a/INFO] Finished fetched remote configuration (5 categories). 
23:32:06 24/10/2025 [a/INFO] Fetching all advertisements ... 
23:32:07 24/10/2025 [a/INFO] Loaded 0 advertisements. 
23:32:07 24/10/2025 [a/INFO] Successfully set up internet-relating information. 
23:32:07 24/10/2025 [a/INFO] Configuring application's window specifications ... 
23:32:07 24/10/2025 [a/INFO] Finished configured application's window specifications. 
23:32:07 24/10/2025 [a/INFO] Loading device's info ... 
23:32:07 24/10/2025 [m/INFO] Device info: desktop - WINDOWS&00342-42651-14436-AAOEM&Windows 11 Home Single Language 
23:32:07 24/10/2025 [m/INFO] Application Version: 2.1.0. Build Version: 2 
23:32:07 24/10/2025 [m/INFO] Initializing config.json file ... 
23:32:07 24/10/2025 [m/WARNING] [CONFIG] Loading 'config.json''s content into configuration map. 
23:32:07 24/10/2025 [a/INFO] Registering default settings ... 
23:32:07 24/10/2025 [m/INFO] Loaded data from local storage. Data:
{id: 11230562, last-login: 2025-10-17 16:05:46.018992, name: Pham Thanh Long, email: 11230562@st.neu.edu.vn} 
23:32:07 24/10/2025 [a/INFO] Loading settings ... 
23:32:07 24/10/2025 [m/INFO] Finished initializing config.json file. 
23:32:07 24/10/2025 [m/INFO] Loading last-login user's information ... 
23:32:07 24/10/2025 [m/INFO] Validate the authenticating time-out ... 
23:32:07 24/10/2025 [m/INFO] Login time-out is valid. Creating account instance ... 
23:32:07 24/10/2025 [a/INFO] Finished fetched all books' data (253 books). 
23:32:07 24/10/2025 [m/INFO] Loaded account: 11230562 Pham Thanh Long. Last login: 2025-10-17 16:05:46.018992 
23:32:07 24/10/2025 [m/INFO] Fetching user's self-upload documents ... 
23:32:07 24/10/2025 [m/INFO] Found 0 self-upload documents of current user on cloud. 
23:32:07 24/10/2025 [m/INFO] Loading local self-upload documents ... 
23:32:07 24/10/2025 [m/INFO] Found 0 local self-upload documents. 
23:32:07 24/10/2025 [a/INFO] Starting the app with signed in account ... 
23:32:07 24/10/2025 [a/INFO] Checking for update ... 
23:32:08 24/10/2025 [m/INFO] Internet status updated: connected 
23:32:09 24/10/2025 [a/SEVERE] DioException [bad response]: This exception was thrown because the response has a status code of 404 and RequestOptions.validateStatus was configured to throw for this status code.
The status code of 404 has the following meaning: "Client error - the request contains bad syntax or cannot be fulfilled"
Read more about status codes at https://developer.mozilla.org/en-US/docs/Web/HTTP/Status
In order to resolve this exception you typically have either to verify and fix your request code or you have to fix the server code.
 
23:32:09 24/10/2025 [a/SEVERE] #0      DioMixin.fetch (package:dio/src/dio_mixin.dart:520)
<asynchronous suspension>
#1      NEUReader.checkUpdate.<anonymous closure> (package:neu_reader/main.dart:392)
<asynchronous suspension>
 
23:32:14 24/10/2025 [a/INFO] Checking for update ... 
23:32:14 24/10/2025 [m/INFO] Preparing PDF View for Giáo trình Quản trị Marketing ... 
23:32:14 24/10/2025 [m/INFO] Loading PDF File. File path: C:\Users\ADMIN\Documents/documents/MTlHacOhbyB0csOsbmggUXXhuqNuIHRy4buLIE1hcmtldGluZw==.pdf 
23:32:15 24/10/2025 [a/SEVERE] DioException [bad response]: This exception was thrown because the response has a status code of 404 and RequestOptions.validateStatus was configured to throw for this status code.
The status code of 404 has the following meaning: "Client error - the request contains bad syntax or cannot be fulfilled"
Read more about status codes at https://developer.mozilla.org/en-US/docs/Web/HTTP/Status
In order to resolve this exception you typically have either to verify and fix your request code or you have to fix the server code.
 
23:32:15 24/10/2025 [a/SEVERE] #0      DioMixin.fetch (package:dio/src/dio_mixin.dart:520)
<asynchronous suspension>
#1      NEUReader.checkUpdate.<anonymous closure> (package:neu_reader/main.dart:392)
<asynchronous suspension>
 
23:32:15 24/10/2025 [a/INFO] Loading local annotation ... 
23:32:15 24/10/2025 [a/INFO] Setting up drawing canvases ... 
06:47:40 25/10/2025 [m/INFO] Internet status updated: disconnected 
